<?php return array (
  0 => 'Symfony\\Bundle\\FrameworkBundle\\EventListener\\SessionListener',
  1 => 'Symfony\\Component\\HttpFoundation\\Session\\Storage\\NativeSessionStorage',
  2 => 'Symfony\\Component\\HttpFoundation\\Session\\Storage\\PhpBridgeSessionStorage',
  3 => 'Symfony\\Component\\HttpFoundation\\Session\\Storage\\Handler\\NativeFileSessionHandler',
  4 => 'Symfony\\Component\\HttpFoundation\\Session\\Storage\\Proxy\\AbstractProxy',
  5 => 'Symfony\\Component\\HttpFoundation\\Session\\Storage\\Proxy\\SessionHandlerProxy',
  6 => 'Symfony\\Component\\HttpFoundation\\Session\\Session',
  8 => 'Symfony\\Bundle\\FrameworkBundle\\Templating\\GlobalVariables',
  9 => 'Symfony\\Bundle\\FrameworkBundle\\Templating\\TemplateReference',
  10 => 'Symfony\\Bundle\\FrameworkBundle\\Templating\\TemplateNameParser',
  11 => 'Symfony\\Bundle\\FrameworkBundle\\Templating\\Loader\\TemplateLocator',
  12 => 'Symfony\\Component\\Cache\\Adapter\\ApcuAdapter',
  13 => 'Symfony\\Component\\Cache\\Adapter\\FilesystemAdapter',
  14 => 'Symfony\\Component\\Cache\\CacheItem',
  15 => 'Symfony\\Component\\Routing\\Generator\\UrlGenerator',
  16 => 'Symfony\\Component\\Routing\\RequestContext',
  17 => 'Symfony\\Component\\Routing\\Router',
  18 => 'Symfony\\Bundle\\FrameworkBundle\\Routing\\RedirectableUrlMatcher',
  19 => 'Symfony\\Bundle\\FrameworkBundle\\Routing\\Router',
  20 => 'Symfony\\Component\\Cache\\Adapter\\PhpArrayAdapter',
  21 => 'Symfony\\Component\\Cache\\DoctrineProvider',
  22 => 'Symfony\\Component\\Config\\ConfigCache',
  23 => 'Symfony\\Component\\Config\\FileLocator',
  24 => 'Symfony\\Component\\Debug\\ErrorHandler',
  25 => 'Symfony\\Component\\DependencyInjection\\ContainerAwareInterface',
  26 => 'Symfony\\Component\\DependencyInjection\\Container',
  27 => 'Symfony\\Component\\EventDispatcher\\Event',
  28 => 'Symfony\\Component\\EventDispatcher\\ContainerAwareEventDispatcher',
  29 => 'Symfony\\Component\\HttpFoundation\\Response',
  30 => 'Symfony\\Component\\HttpFoundation\\ResponseHeaderBag',
  31 => 'Symfony\\Component\\HttpKernel\\EventListener\\ResponseListener',
  32 => 'Symfony\\Component\\HttpKernel\\EventListener\\RouterListener',
  33 => 'Symfony\\Component\\HttpKernel\\Bundle\\Bundle',
  34 => 'Symfony\\Component\\HttpKernel\\Controller\\ControllerResolver',
  35 => 'Symfony\\Component\\HttpKernel\\Controller\\ArgumentResolver',
  36 => 'Symfony\\Component\\HttpKernel\\ControllerMetadata\\ArgumentMetadata',
  37 => 'Symfony\\Component\\HttpKernel\\ControllerMetadata\\ArgumentMetadataFactory',
  38 => 'Symfony\\Component\\HttpKernel\\Event\\KernelEvent',
  39 => 'Symfony\\Component\\HttpKernel\\Event\\FilterControllerEvent',
  40 => 'Symfony\\Component\\HttpKernel\\Event\\FilterResponseEvent',
  41 => 'Symfony\\Component\\HttpKernel\\Event\\GetResponseEvent',
  42 => 'Symfony\\Component\\HttpKernel\\Event\\GetResponseForControllerResultEvent',
  43 => 'Symfony\\Component\\HttpKernel\\Event\\GetResponseForExceptionEvent',
  44 => 'Symfony\\Component\\HttpKernel\\HttpKernel',
  45 => 'Symfony\\Component\\HttpKernel\\KernelEvents',
  46 => 'Symfony\\Component\\HttpKernel\\Config\\FileLocator',
  47 => 'Symfony\\Bundle\\FrameworkBundle\\Controller\\ControllerNameParser',
  48 => 'Symfony\\Bundle\\FrameworkBundle\\Controller\\ControllerResolver',
  49 => 'Symfony\\Component\\Security\\Http\\AccessMap',
  50 => 'Symfony\\Component\\Security\\Http\\Firewall',
  51 => 'Symfony\\Component\\Security\\Core\\User\\UserProviderInterface',
  52 => 'Symfony\\Component\\Security\\Core\\Authentication\\AuthenticationProviderManager',
  53 => 'Symfony\\Component\\Security\\Core\\Authentication\\Token\\Storage\\TokenStorage',
  54 => 'Symfony\\Component\\Security\\Core\\Authorization\\AccessDecisionManager',
  55 => 'Symfony\\Component\\Security\\Core\\Authorization\\AuthorizationChecker',
  56 => 'Symfony\\Component\\Security\\Core\\Authorization\\Voter\\VoterInterface',
  57 => 'Symfony\\Bundle\\SecurityBundle\\Security\\FirewallConfig',
  58 => 'Symfony\\Bundle\\SecurityBundle\\Security\\FirewallMap',
  59 => 'Symfony\\Bundle\\SecurityBundle\\Security\\FirewallContext',
  60 => 'Symfony\\Component\\HttpFoundation\\RequestMatcher',
  61 => 'Twig_Environment',
  62 => 'Twig_Extension',
  63 => 'Twig_Extension_Core',
  64 => 'Twig_Extension_Escaper',
  65 => 'Twig_Extension_Optimizer',
  66 => 'Twig_LoaderInterface',
  67 => 'Twig_Markup',
  68 => 'Twig_Template',
  69 => 'Monolog\\Formatter\\FormatterInterface',
  70 => 'Monolog\\Formatter\\LineFormatter',
  71 => 'Monolog\\Handler\\HandlerInterface',
  72 => 'Monolog\\Handler\\AbstractHandler',
  73 => 'Monolog\\Handler\\AbstractProcessingHandler',
  74 => 'Monolog\\Handler\\StreamHandler',
  75 => 'Monolog\\Handler\\FingersCrossedHandler',
  76 => 'Monolog\\Handler\\FilterHandler',
  77 => 'Monolog\\Handler\\TestHandler',
  78 => 'Monolog\\Logger',
  79 => 'Symfony\\Bridge\\Monolog\\Logger',
  80 => 'Monolog\\Handler\\FingersCrossed\\ActivationStrategyInterface',
  81 => 'Monolog\\Handler\\FingersCrossed\\ErrorLevelActivationStrategy',
  82 => 'Doctrine\\Common\\Annotations\\DocLexer',
  83 => 'Doctrine\\Common\\Annotations\\FileCacheReader',
  84 => 'Doctrine\\Common\\Annotations\\PhpParser',
  85 => 'Doctrine\\Common\\Annotations\\Reader',
  86 => 'Doctrine\\Common\\Lexer',
  87 => 'Doctrine\\Common\\Persistence\\ConnectionRegistry',
  88 => 'Doctrine\\Common\\Persistence\\Proxy',
  89 => 'Doctrine\\Common\\Util\\ClassUtils',
  90 => 'Doctrine\\Bundle\\DoctrineBundle\\Registry',
  91 => 'Sensio\\Bundle\\FrameworkExtraBundle\\EventListener\\ControllerListener',
  92 => 'Sensio\\Bundle\\FrameworkExtraBundle\\EventListener\\ParamConverterListener',
  93 => 'Sensio\\Bundle\\FrameworkExtraBundle\\Request\\ParamConverter\\DateTimeParamConverter',
  94 => 'Sensio\\Bundle\\FrameworkExtraBundle\\Request\\ParamConverter\\DoctrineParamConverter',
  95 => 'Sensio\\Bundle\\FrameworkExtraBundle\\Request\\ParamConverter\\ParamConverterInterface',
  96 => 'Sensio\\Bundle\\FrameworkExtraBundle\\Request\\ParamConverter\\ParamConverterManager',
  97 => 'Sensio\\Bundle\\FrameworkExtraBundle\\EventListener\\TemplateListener',
  98 => 'Sensio\\Bundle\\FrameworkExtraBundle\\EventListener\\HttpCacheListener',
  99 => 'Sensio\\Bundle\\FrameworkExtraBundle\\EventListener\\SecurityListener',
  100 => 'Sensio\\Bundle\\FrameworkExtraBundle\\Configuration\\ConfigurationAnnotation',
  101 => 'Symfony\\Bundle\\AsseticBundle\\DefaultValueSupplier',
  102 => 'Symfony\\Bundle\\AsseticBundle\\Factory\\AssetFactory',
  103 => 'Sonata\\CoreBundle\\Form\\Type\\BooleanType',
  104 => 'Sonata\\CoreBundle\\Form\\Type\\CollectionType',
  105 => 'Sonata\\CoreBundle\\Form\\Type\\DateRangeType',
  106 => 'Sonata\\CoreBundle\\Form\\Type\\DateTimeRangeType',
  107 => 'Sonata\\CoreBundle\\Form\\Type\\EqualType',
  108 => 'Sonata\\CoreBundle\\Form\\Type\\ImmutableArrayType',
  109 => 'Sonata\\CoreBundle\\Form\\Type\\TranslatableChoiceType',
  110 => 'Sonata\\BlockBundle\\Block\\BaseBlockService',
  111 => 'Sonata\\BlockBundle\\Block\\BlockLoaderChain',
  112 => 'Sonata\\BlockBundle\\Block\\BlockLoaderInterface',
  113 => 'Sonata\\BlockBundle\\Block\\BlockRenderer',
  114 => 'Sonata\\BlockBundle\\Block\\BlockRendererInterface',
  115 => 'Sonata\\BlockBundle\\Block\\BlockServiceInterface',
  116 => 'Sonata\\BlockBundle\\Block\\BlockServiceManager',
  117 => 'Sonata\\BlockBundle\\Block\\BlockServiceManagerInterface',
  118 => 'Sonata\\BlockBundle\\Block\\Loader\\ServiceLoader',
  119 => 'Sonata\\BlockBundle\\Block\\Service\\EmptyBlockService',
  120 => 'Sonata\\BlockBundle\\Block\\Service\\RssBlockService',
  121 => 'Sonata\\BlockBundle\\Block\\Service\\MenuBlockService',
  122 => 'Sonata\\BlockBundle\\Block\\Service\\TextBlockService',
  123 => 'Sonata\\BlockBundle\\Exception\\BlockExceptionInterface',
  124 => 'Sonata\\BlockBundle\\Exception\\BlockNotFoundException',
  125 => 'Sonata\\BlockBundle\\Exception\\Filter\\DebugOnlyFilter',
  126 => 'Sonata\\BlockBundle\\Exception\\Filter\\FilterInterface',
  127 => 'Sonata\\BlockBundle\\Exception\\Filter\\IgnoreClassFilter',
  128 => 'Sonata\\BlockBundle\\Exception\\Filter\\KeepAllFilter',
  129 => 'Sonata\\BlockBundle\\Exception\\Filter\\KeepNoneFilter',
  130 => 'Sonata\\BlockBundle\\Exception\\Renderer\\InlineDebugRenderer',
  131 => 'Sonata\\BlockBundle\\Exception\\Renderer\\InlineRenderer',
  132 => 'Sonata\\BlockBundle\\Exception\\Renderer\\MonkeyThrowRenderer',
  133 => 'Sonata\\BlockBundle\\Exception\\Renderer\\RendererInterface',
  134 => 'Sonata\\BlockBundle\\Exception\\Strategy\\StrategyManager',
  135 => 'Sonata\\BlockBundle\\Exception\\Strategy\\StrategyManagerInterface',
  136 => 'Sonata\\BlockBundle\\Form\\Type\\ServiceListType',
  137 => 'Sonata\\BlockBundle\\Model\\BaseBlock',
  138 => 'Sonata\\BlockBundle\\Model\\Block',
  139 => 'Sonata\\BlockBundle\\Model\\BlockInterface',
  140 => 'Sonata\\BlockBundle\\Model\\BlockManagerInterface',
  141 => 'Sonata\\BlockBundle\\Model\\EmptyBlock',
  142 => 'Sonata\\BlockBundle\\Twig\\Extension\\BlockExtension',
  143 => 'Sonata\\BlockBundle\\Twig\\GlobalVariables',
  144 => 'Sonata\\AdminBundle\\Admin\\AbstractAdmin',
  145 => 'Sonata\\AdminBundle\\Admin\\AbstractAdminExtension',
  146 => 'Sonata\\AdminBundle\\Admin\\AdminExtensionInterface',
  147 => 'Sonata\\AdminBundle\\Admin\\AdminHelper',
  148 => 'Sonata\\AdminBundle\\Admin\\AdminInterface',
  149 => 'Sonata\\AdminBundle\\Admin\\BaseFieldDescription',
  150 => 'Sonata\\AdminBundle\\Admin\\FieldDescriptionCollection',
  151 => 'Sonata\\AdminBundle\\Admin\\FieldDescriptionInterface',
  152 => 'Sonata\\AdminBundle\\Admin\\Pool',
  153 => 'Sonata\\AdminBundle\\Block\\AdminListBlockService',
  154 => 'Sonata\\AdminBundle\\Builder\\DatagridBuilderInterface',
  155 => 'Sonata\\AdminBundle\\Builder\\FormContractorInterface',
  156 => 'Sonata\\AdminBundle\\Builder\\ListBuilderInterface',
  157 => 'Sonata\\AdminBundle\\Builder\\RouteBuilderInterface',
  158 => 'Sonata\\AdminBundle\\Builder\\ShowBuilderInterface',
  159 => 'Sonata\\AdminBundle\\Datagrid\\Datagrid',
  160 => 'Sonata\\AdminBundle\\Datagrid\\DatagridInterface',
  161 => 'Sonata\\AdminBundle\\Datagrid\\DatagridMapper',
  162 => 'Sonata\\AdminBundle\\Datagrid\\ListMapper',
  163 => 'Sonata\\AdminBundle\\Datagrid\\Pager',
  164 => 'Sonata\\AdminBundle\\Datagrid\\PagerInterface',
  165 => 'Sonata\\AdminBundle\\Datagrid\\ProxyQueryInterface',
  166 => 'Sonata\\AdminBundle\\Exception\\ModelManagerException',
  167 => 'Sonata\\AdminBundle\\Exception\\NoValueException',
  168 => 'Sonata\\AdminBundle\\Filter\\Filter',
  169 => 'Sonata\\AdminBundle\\Filter\\FilterFactory',
  170 => 'Sonata\\AdminBundle\\Filter\\FilterFactoryInterface',
  171 => 'Sonata\\AdminBundle\\Filter\\FilterInterface',
  172 => 'Sonata\\AdminBundle\\Form\\DataTransformer\\ArrayToModelTransformer',
  173 => 'Sonata\\AdminBundle\\Form\\DataTransformer\\ModelsToArrayTransformer',
  174 => 'Sonata\\AdminBundle\\Form\\DataTransformer\\ModelToIdTransformer',
  175 => 'Sonata\\AdminBundle\\Form\\EventListener\\MergeCollectionListener',
  176 => 'Sonata\\AdminBundle\\Form\\Extension\\Field\\Type\\FormTypeFieldExtension',
  177 => 'Sonata\\AdminBundle\\Form\\FormMapper',
  178 => 'Sonata\\AdminBundle\\Form\\Type\\AdminType',
  179 => 'Sonata\\AdminBundle\\Form\\Type\\Filter\\ChoiceType',
  180 => 'Sonata\\AdminBundle\\Form\\Type\\Filter\\DateRangeType',
  181 => 'Sonata\\AdminBundle\\Form\\Type\\Filter\\DateTimeRangeType',
  182 => 'Sonata\\AdminBundle\\Form\\Type\\Filter\\DateTimeType',
  183 => 'Sonata\\AdminBundle\\Form\\Type\\Filter\\DateType',
  184 => 'Sonata\\AdminBundle\\Form\\Type\\Filter\\DefaultType',
  185 => 'Sonata\\AdminBundle\\Form\\Type\\Filter\\NumberType',
  186 => 'Sonata\\AdminBundle\\Form\\Type\\ModelReferenceType',
  187 => 'Sonata\\AdminBundle\\Form\\Type\\ModelType',
  188 => 'Sonata\\AdminBundle\\Form\\Type\\ModelListType',
  189 => 'Sonata\\AdminBundle\\Guesser\\TypeGuesserChain',
  190 => 'Sonata\\AdminBundle\\Guesser\\TypeGuesserInterface',
  191 => 'Sonata\\AdminBundle\\Model\\AuditManager',
  192 => 'Sonata\\AdminBundle\\Model\\AuditManagerInterface',
  193 => 'Sonata\\AdminBundle\\Model\\AuditReaderInterface',
  194 => 'Sonata\\AdminBundle\\Model\\ModelManagerInterface',
  195 => 'Sonata\\AdminBundle\\Route\\AdminPoolLoader',
  196 => 'Sonata\\AdminBundle\\Route\\DefaultRouteGenerator',
  197 => 'Sonata\\AdminBundle\\Route\\PathInfoBuilder',
  198 => 'Sonata\\AdminBundle\\Route\\QueryStringBuilder',
  199 => 'Sonata\\AdminBundle\\Route\\RouteCollection',
  200 => 'Sonata\\AdminBundle\\Route\\RouteGeneratorInterface',
  201 => 'Sonata\\AdminBundle\\Security\\Acl\\Permission\\AdminPermissionMap',
  202 => 'Sonata\\AdminBundle\\Security\\Acl\\Permission\\MaskBuilder',
  203 => 'Sonata\\AdminBundle\\Security\\Handler\\AclSecurityHandler',
  204 => 'Sonata\\AdminBundle\\Security\\Handler\\AclSecurityHandlerInterface',
  205 => 'Sonata\\AdminBundle\\Security\\Handler\\NoopSecurityHandler',
  206 => 'Sonata\\AdminBundle\\Security\\Handler\\RoleSecurityHandler',
  207 => 'Sonata\\AdminBundle\\Security\\Handler\\SecurityHandlerInterface',
  208 => 'Sonata\\AdminBundle\\Show\\ShowMapper',
  209 => 'Sonata\\AdminBundle\\Translator\\BCLabelTranslatorStrategy',
  210 => 'Sonata\\AdminBundle\\Translator\\FormLabelTranslatorStrategy',
  211 => 'Sonata\\AdminBundle\\Translator\\LabelTranslatorStrategyInterface',
  212 => 'Sonata\\AdminBundle\\Translator\\NativeLabelTranslatorStrategy',
  213 => 'Sonata\\AdminBundle\\Translator\\NoopLabelTranslatorStrategy',
  214 => 'Sonata\\AdminBundle\\Translator\\UnderscoreLabelTranslatorStrategy',
  215 => 'Sonata\\AdminBundle\\Twig\\Extension\\SonataAdminExtension',
  216 => 'Sonata\\AdminBundle\\Util\\AdminAclManipulator',
  217 => 'Sonata\\AdminBundle\\Util\\AdminAclManipulatorInterface',
  218 => 'Sonata\\AdminBundle\\Util\\FormBuilderIterator',
  219 => 'Sonata\\AdminBundle\\Util\\FormViewIterator',
  220 => 'Sonata\\AdminBundle\\Util\\ObjectAclManipulator',
  221 => 'Sonata\\AdminBundle\\Util\\ObjectAclManipulatorInterface',
);